gpio-uclass.c:498:12:_gpio_get_value	8	static
gpio-uclass.c:556:12:_dm_gpio_set_dir_flags	24	static
gpio-uclass.c:717:12:get_function	24	static
gpio-uclass.c:48:12:gpio_to_device	24	static
gpio-uclass.c:431:12:check_reserved	24	static
gpio-uclass.c:191:12:gpio_hog_ofdata_to_platdata	16	static
gpio-uclass.c:1050:12:gpio_renumber	32	static
gpio-uclass.c:1098:12:gpio_pre_remove	16	static
gpio-uclass.c:1087:12:gpio_post_probe	8	static
gpio-uclass.c:1127:12:gpio_post_bind	40	static
gpio-uclass.c:69:5:dm_gpio_lookup_name	40	static
gpio-uclass.c:107:5:gpio_lookup_name	40	static
gpio-uclass.c:132:5:gpio_xlate_offs_flags	0	static
gpio-uclass.c:249:5:gpio_hog_probe_all	32	static
gpio-uclass.c:271:5:gpio_hog_lookup_name	24	static
gpio-uclass.c:302:5:dm_gpio_request	24	static
gpio-uclass.c:327:12:dm_gpio_requestf	60	static
gpio-uclass.c:354:5:gpio_request	24	static
gpio-uclass.c:376:5:gpio_requestf	60	static
gpio-uclass.c:391:5:_dm_gpio_free	16	static
gpio-uclass.c:419:5:gpio_free	24	static
gpio-uclass.c:458:5:gpio_direction_input	24	static
gpio-uclass.c:482:5:gpio_direction_output	24	static
gpio-uclass.c:507:5:dm_gpio_get_value	8	static
gpio-uclass.c:518:5:dm_gpio_set_value	16	static
gpio-uclass.c:589:5:dm_gpio_set_dir_flags	16	static
gpio-uclass.c:896:12:gpio_request_tail	40	static
gpio-uclass.c:939:12:_gpio_request_by_name_nodev	128	static
gpio-uclass.c:608:5:dm_gpio_set_dir	8	static
gpio-uclass.c:619:5:dm_gpio_get_dir_flags	32	static
gpio-uclass.c:665:5:gpio_get_value	24	static
gpio-uclass.c:686:5:gpio_set_value	24	static
gpio-uclass.c:697:13:gpio_get_bank_info	8	static
gpio-uclass.c:746:5:gpio_get_function	0	static
gpio-uclass.c:751:5:gpio_get_raw_function	0	static
gpio-uclass.c:756:5:gpio_get_status	64	static
gpio-uclass.c:795:5:gpio_claim_vector	24	static
gpio-uclass.c:826:5:gpio_get_values_as_int	24	static
gpio-uclass.c:846:5:dm_gpio_get_values_as_int	32	static
gpio-uclass.c:953:5:gpio_request_by_name_nodev	16	static
gpio-uclass.c:960:5:gpio_request_by_name	128	static
gpio-uclass.c:1012:5:gpio_get_list_count	24	static
gpio-uclass.c:1027:5:dm_gpio_free	0	static
gpio-uclass.c:1033:5:gpio_free_list	24	static
gpio-uclass.c:1044:5:gpio_free_list_nodev	0	static
gpio-uclass.c:974:5:gpio_request_list_by_name_nodev	48	static
gpio-uclass.c:999:5:gpio_request_list_by_name	0	static
gpio-uclass.c:1075:5:gpio_get_number	0	static
gpio-uclass.c:1112:5:gpio_dev_request_index	104	static
gpio-uclass.c:222:12:gpio_hog_probe	32	static
