mipi_dsi.c:87:16:mipi_dsi_device_transfer	0	static
mipi_dsi.c:56:5:mipi_dsi_attach	0	static
mipi_dsi.c:71:5:mipi_dsi_detach	0	static
mipi_dsi.c:108:6:mipi_dsi_packet_format_is_short	0	static
mipi_dsi.c:144:6:mipi_dsi_packet_format_is_long	0	static
mipi_dsi.c:176:5:mipi_dsi_create_packet	16	static
mipi_dsi.c:227:5:mipi_dsi_shutdown_peripheral	32	static
mipi_dsi.c:247:5:mipi_dsi_turn_on_peripheral	32	static
mipi_dsi.c:270:5:mipi_dsi_set_maximum_return_packet_size	32	static
mipi_dsi.c:298:9:mipi_dsi_generic_write	40	static
mipi_dsi.c:343:9:mipi_dsi_generic_read	32	static
mipi_dsi.c:387:9:mipi_dsi_dcs_write_buffer	40	static
mipi_dsi.c:430:9:mipi_dsi_dcs_write	32	static
mipi_dsi.c:470:9:mipi_dsi_dcs_read	40	static
mipi_dsi.c:492:5:mipi_dsi_dcs_nop	16	static
mipi_dsi.c:510:5:mipi_dsi_dcs_soft_reset	16	static
mipi_dsi.c:530:5:mipi_dsi_dcs_get_power_mode	8	static
mipi_dsi.c:555:5:mipi_dsi_dcs_get_pixel_format	8	static
mipi_dsi.c:579:5:mipi_dsi_dcs_enter_sleep_mode	16	static
mipi_dsi.c:598:5:mipi_dsi_dcs_exit_sleep_mode	16	static
mipi_dsi.c:617:5:mipi_dsi_dcs_set_display_off	16	static
mipi_dsi.c:636:5:mipi_dsi_dcs_set_display_on	16	static
mipi_dsi.c:657:5:mipi_dsi_dcs_set_column_address	16	static
mipi_dsi.c:681:5:mipi_dsi_dcs_set_page_address	16	static
mipi_dsi.c:703:5:mipi_dsi_dcs_set_tear_off	16	static
mipi_dsi.c:723:5:mipi_dsi_dcs_set_tear_on	16	static
mipi_dsi.c:746:5:mipi_dsi_dcs_set_pixel_format	16	static
mipi_dsi.c:767:5:mipi_dsi_dcs_set_tear_scanline	16	static
mipi_dsi.c:789:5:mipi_dsi_dcs_set_display_brightness	16	static
mipi_dsi.c:812:5:mipi_dsi_dcs_get_display_brightness	8	static
