video-uclass.c:52:14:alloc_fb	8	static
video-uclass.c:212:12:video_pre_remove	8	static
video-uclass.c:201:12:video_pre_probe	8	static
video-uclass.c:287:12:video_post_bind	16	static
video-uclass.c:45:6:video_set_flush_dcache	8	static
video-uclass.c:70:5:video_reserve	16	static
video-uclass.c:90:5:video_clear	8	static
video-uclass.c:121:6:video_set_default_colors	16	static
video-uclass.c:222:12:video_post_probe	80	static
video-uclass.c:148:6:video_sync	8	static
video-uclass.c:174:6:video_sync_all	16	static
video-uclass.c:186:5:video_get_xsize	8	static
video-uclass.c:193:5:video_get_ysize	8	static
