stm32prog.c:520:13:get_mtd_by_target	0	static
stm32prog.c:254:12:parse_ip	24	static
stm32prog.c:1537:12:part_delete	104	static
stm32prog.c:1104:12:stm32prog_alt_add_virt	1064	static
stm32prog.c:1119:12:dfu_init_entities	1120	static
stm32prog.c:297:12:parse_offset	40	static
stm32prog.c:216:12:parse_type	24	static
stm32prog.c:507:19:part_cmp	0	static
stm32prog.c:200:12:parse_name	32	static
stm32prog.c:147:12:parse_option	32	static
stm32prog.c:184:12:parse_id	32	static
stm32prog.c:80:7:stm32prog_get_error	8	static
stm32prog.c:90:4:stm32prog_header_check	8	static
stm32prog.c:344:12:parse_flash_layout	56	static
stm32prog.c:1448:13:stm32prog_end_phase.part.6	312	static
stm32prog.c:1448:13:stm32prog_end_phase	16	static
stm32prog.c:1191:5:stm32prog_otp_write	24	static
stm32prog.c:1213:5:stm32prog_otp_read	64	static
stm32prog.c:1261:5:stm32prog_otp_start	56	static
stm32prog.c:1308:5:stm32prog_pmic_write	24	static
stm32prog.c:1324:5:stm32prog_pmic_read	40	static
stm32prog.c:1375:5:stm32prog_pmic_start	16	static
stm32prog.c:1489:6:stm32prog_do_reset	0	static
stm32prog.c:1497:6:stm32prog_next_phase	12	static
stm32prog.c:1665:5:stm32prog_dfu_init	344	static
stm32prog.c:1679:5:stm32prog_init	16	static
stm32prog.c:1688:6:stm32prog_clean	8	static
stm32prog.c:1699:6:dfu_flush_callback	16	static
stm32prog.c:1729:6:dfu_initiated_callback	0	static
