dwc2_udc_otg_xfer_dma.c:46:13:dwc2_udc_pre_setup	0	static
dwc2_udc_otg_xfer_dma.c:756:13:udc_set_address	8	static
dwc2_udc_otg_xfer_dma.c:1000:13:dwc2_udc_ep_clear_stall	8	static
dwc2_udc_otg_xfer_dma.c:1095:13:dwc2_udc_ep_activate	12	static
dwc2_udc_otg.c:184:13:udc_reinit	16	static
dwc2_udc_otg.c:581:13:set_max_pktsize	8	static
dwc2_udc_otg.c:767:12:dwc2_fifo_status	0	static
dwc2_udc_otg.c:790:13:dwc2_fifo_flush	0	static
dwc2_udc_otg.c:1081:13:dwc2_set_stm32mp1_hsotg_params	0	static
dwc2_udc_otg.c:360:13:done	16	static
dwc2_udc_otg.c:734:12:dwc2_dequeue	16	static
dwc2_udc_otg.c:411:13:nuke	16	static
dwc2_udc_otg.c:677:12:dwc2_ep_disable	8	static
dwc2_udc_otg_xfer_dma.c:137:12:setdma_tx	24	static
dwc2_udc_otg_xfer_dma.c:699:12:write_fifo_ep0	16	static
dwc2_udc_otg_xfer_dma.c:95:12:setdma_rx	32	static
dwc2_udc_otg_xfer_dma.c:195:13:complete_rx	48	static
dwc2_udc_otg.c:722:13:dwc2_free_request	8	static
dwc2_udc_otg.c:705:28:dwc2_alloc_request	8	static
dwc2_udc_otg.c:1036:12:dwc2_udc_otg_ofdata_to_platdata	16	static
dwc2_udc_otg_xfer_dma.c:965:13:dwc2_udc_ep_set_stall.isra.1	0	static
dwc2_udc_otg_xfer_dma.c:1048:12:dwc2_udc_set_halt	16	static
dwc2_udc_otg.c:611:12:dwc2_ep_enable	16	static
dwc2_udc_otg_xfer_dma.c:598:12:dwc2_queue	32	static
dwc2_udc_otg.c:452:13:reconfig_usbd.isra.5	24	static
dwc2_udc_otg.c:118:6:set_udc_gadget_private_data	0	static
dwc2_udc_otg.c:126:7:get_udc_gadget_private_data	0	static
dwc2_udc_otg.c:153:6:dfu_usb_get_reset	0	static
dwc2_udc_otg.c:158:13:otg_phy_init	0	static
dwc2_udc_otg.c:310:12:dwc2_gadget_start	16	static
dwc2_udc_otg.c:159:13:otg_phy_off	0	static
dwc2_udc_otg.c:337:12:dwc2_gadget_stop	24	static
dwc2_udc_otg.c:885:5:dwc2_udc_probe	8	static
dwc2_udc_otg.c:920:5:dwc2_udc_handle_interrupt	56	static
dwc2_udc_otg.c:948:5:dm_usb_gadget_handle_interrupts	0	static
dwc2_udc_otg.c:953:5:dwc2_phy_setup	40	static
dwc2_udc_otg.c:1143:12:dwc2_udc_otg_probe	32	static
dwc2_udc_otg.c:1019:6:dwc2_phy_shutdown	24	static
dwc2_udc_otg.c:1199:12:dwc2_udc_otg_remove	16	static
dwc2_udc_otg.c:1232:5:dwc2_udc_B_session_valid	8	static
