composite.c:254:12:count_configs	12	static
composite.c:491:13:collect_langs	16	static
composite.c:693:13:composite_setup_complete	0	static
composite.c:1087:1:composite_suspend	16	static
composite.c:1106:1:composite_resume	16	static
g_dnl.c:100:12:g_dnl_unbind	8	static
composite.c:511:12:lookup_string	24	static
composite.c:994:13:composite_unbind	24	static
composite.c:1041:12:composite_bind	24	static
g_dnl.c:123:12:g_dnl_do_config	24	static
composite.c:298:13:reset_config.isra.0	16	static
composite.c:984:13:composite_disconnect	8	static
composite.c:761:1:composite_setup	48	static
composite.c:39:5:usb_add_function	16	static
composite.c:94:5:usb_function_deactivate	8	static
composite.c:117:5:usb_function_activate	0	static
composite.c:156:5:usb_interface_id	0	static
composite.c:423:5:usb_add_config	24	static
composite.c:618:5:usb_string_id	0	static
composite.c:648:5:usb_string_ids_tab	0	static
composite.c:682:5:usb_string_ids_n	0	static
composite.c:1153:5:usb_composite_register	8	static
composite.c:1178:6:usb_composite_unregister	8	static
g_dnl.c:50:6:g_dnl_set_serialnumber	16	static
g_dnl.c:219:12:on_serialno	8	static
g_dnl.c:92:6:g_dnl_set_product	0	static
g_dnl.c:158:5:board_usb_init	0	static
g_dnl.c:164:5:board_usb_cleanup	0	static
g_dnl.c:170:5:g_dnl_bind_fixup	0	static
g_dnl.c:175:12:g_dnl_get_board_bcd_device_number	0	static
g_dnl.c:227:12:g_dnl_bind	24	static
g_dnl.c:180:12:g_dnl_board_usb_cable_connected	0	static
g_dnl.c:187:6:g_dnl_detach	0	static
g_dnl.c:192:6:g_dnl_trigger_detach	0	static
g_dnl.c:197:6:g_dnl_clear_detach	0	static
g_dnl.c:298:5:g_dnl_register	8	static
g_dnl.c:313:6:g_dnl_unregister	0	static
