dfu.c:215:12:dfu_write_buffer_drain	32	static
dfu.c:29:13:dfu_flush_callback	0	static
dfu.c:37:13:dfu_initiated_callback	0	static
dfu.c:52:13:dfu_usb_get_reset	0	static
dfu.c:156:16:dfu_free_buf	8	static
dfu.c:163:15:dfu_get_buf_size	0	static
dfu.c:168:16:dfu_get_buf	24	static
dfu.c:244:6:dfu_transaction_cleanup	24	static
dfu.c:260:5:dfu_transaction_initiate	16	static
dfu.c:287:5:dfu_flush	16	static
dfu.c:309:5:dfu_write	24	static
dfu.c:430:5:dfu_read	48	static
dfu.c:509:6:dfu_free_entities	24	static
dfu.c:527:5:dfu_alt_init	24	static
dfu.c:550:5:dfu_alt_add	32	static
dfu.c:79:5:dfu_config_interfaces	48	static
dfu.c:569:5:dfu_config_entities	48	static
dfu.c:120:5:dfu_init_env_entities	16	static
dfu.c:591:13:dfu_get_dev_type	48	static
dfu.c:598:13:dfu_get_layout	48	static
dfu.c:605:6:dfu_show_entities	32	static
dfu.c:618:5:dfu_get_alt_number	0	static
dfu.c:623:20:dfu_get_entity	8	static
dfu.c:635:5:dfu_get_alt	24	static
dfu.c:672:5:dfu_write_from_mem_addr	32	static
