debug.c:24:6:ubi_dump_flash	56	static
debug.c:53:6:ubi_dump_ec_hdr	24	static
debug.c:72:6:ubi_dump_vid_hdr	24	static
debug.c:97:6:ubi_dump_vol_info	24	static
debug.c:129:6:ubi_dump_vtbl_record	24	static
debug.c:161:6:ubi_dump_av	8	static
debug.c:179:6:ubi_dump_aeb	16	static
debug.c:195:6:ubi_dump_mkvol_req	32	static
debug.c:539:5:ubi_debugfs_init	0	static
debug.c:544:6:ubi_debugfs_exit	0	static
debug.c:548:5:ubi_debugfs_init_dev	0	static
debug.c:553:6:ubi_debugfs_exit_dev	0	static
debug.c:557:5:ubi_dbg_power_cut	0	static
