dwc_eth_qos.c:358:13:eqos_inval_desc_tegra186	0	static
dwc_eth_qos.c:817:12:eqos_calibrate_pads_stm32	0	static
dwc_eth_qos.c:1739:24:eqos_get_interface_tegra186	0	static
dwc_eth_qos.c:989:12:eqos_write_hwaddr	16	static
dwc_eth_qos.c:1459:12:eqos_free_pkt	16	static
dwc_eth_qos.c:1435:12:eqos_recv	16	static
dwc_eth_qos.c:791:12:eqos_disable_calibration_tegra186	8	static
dwc_eth_qos.c:1340:13:eqos_stop	16	static
dwc_eth_qos.c:1394:12:eqos_send	16	static
dwc_eth_qos.c:751:12:eqos_calibrate_pads_tegra186	16	static
dwc_eth_qos.c:1033:12:eqos_start	24	static
dwc_eth_qos.c:810:14:eqos_get_tick_clk_rate_stm32	8	static
dwc_eth_qos.c:803:14:eqos_get_tick_clk_rate_tegra186	8	static
dwc_eth_qos.c:580:12:eqos_start_clks_stm32	24	static
dwc_eth_qos.c:642:13:eqos_stop_clks_stm32	8	static
dwc_eth_qos.c:627:13:eqos_stop_clks_tegra186	8	static
dwc_eth_qos.c:696:12:eqos_start_resets_stm32	16	static
dwc_eth_qos.c:734:12:eqos_stop_resets_stm32	8	static
dwc_eth_qos.c:1762:12:eqos_remove_resources_stm32	16	static
dwc_eth_qos.c:420:13:eqos_flush_buffer_stm32	0	static
dwc_eth_qos.c:406:13:eqos_inval_buffer_stm32	0	static
dwc_eth_qos.c:398:13:eqos_inval_buffer_tegra186	0	static
dwc_eth_qos.c:1724:24:eqos_get_interface_stm32	8	static
dwc_eth_qos.c:889:12:eqos_set_tx_clk_speed_tegra186	16	static
dwc_eth_qos.c:521:12:eqos_start_clks_tegra186	32	static
dwc_eth_qos.c:724:12:eqos_stop_resets_tegra186	8	static
dwc_eth_qos.c:657:12:eqos_start_resets_tegra186	16	static
dwc_eth_qos.c:1744:12:eqos_remove_resources_tegra186	16	static
dwc_eth_qos.c:1568:12:eqos_probe_resources_tegra186	48	static
dwc_eth_qos.c:415:13:eqos_flush_buffer_tegra186	0	static
dwc_eth_qos.c:429:12:eqos_mdio_wait_idle.isra.1	16	static
dwc_eth_qos.c:480:12:eqos_mdio_write	24	static
dwc_eth_qos.c:436:12:eqos_mdio_read	24	static
dwc_eth_qos.c:1495:12:eqos_probe_resources_core	8	static
dwc_eth_qos.c:1844:12:eqos_remove	16	static
dwc_eth_qos.c:1781:12:eqos_probe	16	static
dwc_eth_qos.c:380:13:eqos_flush_desc_tegra186	0	static
dwc_eth_qos.c:921:12:eqos_set_tx_clk_speed_stm32	0	static
dwc_eth_qos.c:822:12:eqos_disable_calibration_stm32	0	static
dwc_eth_qos.c:387:13:eqos_flush_desc_stm32	0	static
dwc_eth_qos.c:369:13:eqos_inval_desc_stm32	0	static
dwc_eth_qos.c:1641:12:board_interface_eth_init	0	static
dwc_eth_qos.c:1647:12:eqos_probe_resources_stm32	112	static
