adc-uclass.c:48:12:adc_supply_enable	16	static
adc-uclass.c:269:12:adc_vdd_platdata_update	8	static
adc-uclass.c:292:12:adc_vss_platdata_update	8	static
adc-uclass.c:418:12:adc_pre_probe	16	static
adc-uclass.c:28:12:check_channel	24	static
adc-uclass.c:70:5:adc_data_mask	8	static
adc-uclass.c:81:5:adc_channel_mask	8	static
adc-uclass.c:93:5:adc_stop	8	static
adc-uclass.c:103:5:adc_start_channel	16	static
adc-uclass.c:122:5:adc_start_channels	16	static
adc-uclass.c:141:5:adc_channel_data	32	static
adc-uclass.c:167:5:adc_channels_data	32	static
adc-uclass.c:194:5:adc_channel_single_shot	24	static
adc-uclass.c:242:5:adc_channels_single_shot	32	static
adc-uclass.c:309:5:adc_vdd_value	24	static
adc-uclass.c:327:5:adc_vss_value	24	static
adc-uclass.c:345:5:adc_raw_to_uV	48	static
