core.c:865:13:spinand_manufacturer_cleanup	0	static
core.c:1003:12:spinand_noecc_ooblayout_ecc	0	static
core.c:1009:12:spinand_noecc_ooblayout_free	0	static
core.c:62:12:spinand_write_reg_op	64	static
core.c:48:12:spinand_read_reg_op	64	static
core.c:407:12:spinand_erase_op	64	static
core.c:873:1:spinand_select_op_variant	80	static
core.c:771:12:spinand_mtd_erase	0	static
core.c:790:12:spinand_mtd_block_isreserved	48	static
core.c:726:12:spinand_mtd_block_markbad	48	static
core.c:678:12:spinand_mtd_block_isbad	48	static
core.c:33:13:spinand_cache_op_adjust_colum.isra.0.part.1	8	static
core.c:221:12:spinand_write_enable_op.isra.2	56	static
core.c:417:12:spinand_wait	32	static
core.c:533:12:spinand_write_page	152	static
core.c:508:12:spinand_read_page	152	static
core.c:118:5:spinand_upd_cfg	16	static
core.c:142:5:spinand_select_target	16	static
core.c:611:12:spinand_mtd_write	104	static
core.c:558:12:spinand_mtd_read	120	static
core.c:651:13:spinand_isbad	72	static
core.c:698:12:spinand_markbad	72	static
core.c:746:12:spinand_erase	24	static
core.c:1141:12:spinand_probe	88	static
core.c:812:1:spinand_find_supported_op	32	static
core.c:921:5:spinand_match_and_init	24	static
