clk-uclass.c:372:5:clk_request	0	static
clk-uclass.c:60:12:clk_get_by_index_tail.isra.0.part.1	24	static
clk-uclass.c:124:5:clk_get_by_index	96	static
clk-uclass.c:331:5:clk_get_by_name	16	static
clk-uclass.c:100:12:clk_get_by_indexed_prop.isra.2	96	static
clk-uclass.c:136:5:clk_get_by_index_nodev	96	static
clk-uclass.c:389:5:clk_free	0	static
clk-uclass.c:404:7:clk_get_rate	0	static
clk-uclass.c:419:13:clk_get_parent	8	static
clk-uclass.c:436:11:clk_get_parent_rate	8	static
clk-uclass.c:460:7:clk_set_rate	0	static
clk-uclass.c:475:5:clk_set_parent	0	static
clk-uclass.c:306:5:clk_set_defaults	96	static
clk-uclass.c:698:5:clk_uclass_post_probe	8	static
clk-uclass.c:490:5:clk_enable	0	static
clk-uclass.c:537:5:clk_enable_bulk	16	static
clk-uclass.c:550:5:clk_disable	0	static
clk-uclass.c:347:5:clk_release_all	16	static
clk-uclass.c:148:5:clk_get_bulk	24	static
clk-uclass.c:598:5:clk_disable_bulk	16	static
clk-uclass.c:611:5:clk_get_by_id	32	static
clk-uclass.c:633:6:clk_is_match	0	static
clk-uclass.c:660:13:devm_clk_get	16	static
clk-uclass.c:677:13:devm_clk_get_optional	8	static
clk-uclass.c:687:6:devm_clk_put	0	static
