mmc.c:727:12:mmc_send_ext_csd	56	static
mmc.c:638:12:mmc_send_op_cond_iter	40	static
mmc.c:475:12:mmc_go_idle	40	static
mmc.c:945:12:mmc_set_capacity	32	static
mmc.c:1791:12:mmc_read_and_compare_ext_csd	592	static
mmc.c:2690:12:mmc_power_on.isra.3	8	static
mmc.c:135:13:mmc_mode_name	0	static
mmc.c:211:5:mmc_send_status	48	static
mmc.c:748:12:__mmc_switch.constprop	48	static
mmc.c:820:12:mmc_set_card_speed.constprop	592	static
mmc.c:233:5:mmc_poll_for_busy	24	static
mmc.c:275:5:mmc_set_blocklen	48	static
mmc.c:419:7:mmc_bread	80	static
mmc.c:814:5:mmc_switch	0	static
mmc.c:2161:12:mmc_startup_v4	624	static
mmc.c:973:5:mmc_switch_part	32	static
mmc.c:998:5:mmc_hwpart_config	640	static
mmc.c:1561:5:mmc_set_clock	4	static
mmc.c:2367:12:mmc_startup	440	static
mmc.c:1592:6:mmc_dump_capabilities	0	static
mmc.c:2741:5:mmc_get_op_cond	56	static
mmc.c:2824:5:mmc_start_init	8	static
mmc.c:2878:5:mmc_init	16	static
mmc.c:2929:5:mmc_set_dsr	0	static
mmc.c:2936:12:cpu_mmc_init	0	static
mmc.c:2942:12:board_mmc_init	0	static
mmc.c:2947:6:mmc_set_preinit	0	static
mmc.c:2991:5:mmc_initialize	24	static
mmc.c:3017:5:mmc_init_device	16	static
