fdtdec.c:609:20:get_prop_check_min_len	24	static
fdtdec.c:74:13:fdtdec_get_compatible	0	static
fdtdec.c:242:10:fdtdec_get_uint64	24	static
fdtdec.c:255:5:fdtdec_get_is_enabled	8	static
fdtdec.c:1071:12:get_next_memory_node	32	static
fdtdec.c:272:20:fdtdec_lookup	24	static
fdtdec.c:284:5:fdtdec_next_compatible	0	static
fdtdec.c:289:5:fdtdec_next_compatible_subnode	24	static
fdtdec.c:304:5:fdtdec_next_alias	72	static
fdtdec.c:336:5:fdtdec_add_aliases_for_id	64	dynamic
fdtdec.c:326:5:fdtdec_find_aliases_for_id	24	static
fdtdec.c:451:5:fdtdec_get_alias_seq	56	static
fdtdec.c:493:5:fdtdec_get_alias_highest_id	32	static
fdtdec.c:526:13:fdtdec_get_chosen_prop	16	static
fdtdec.c:536:5:fdtdec_get_chosen_node	8	static
fdtdec.c:563:5:fdtdec_prepare_fdt	8	static
fdtdec.c:546:5:fdtdec_check_fdt	8	static
fdtdec.c:584:5:fdtdec_lookup_phandle	8	static
fdtdec.c:627:5:fdtdec_get_int_array	32	static
fdtdec.c:947:12:decode_timing_property	40	static
fdtdec.c:645:5:fdtdec_get_int_array_count	16	static
fdtdec.c:665:12:fdtdec_locate_array	24	static
fdtdec.c:676:5:fdtdec_get_bool	16	static
fdtdec.c:686:5:fdtdec_parse_phandle_with_args	48	static
fdtdec.c:810:5:fdtdec_get_child_count	16	static
fdtdec.c:821:5:fdtdec_get_byte_array	24	static
fdtdec.c:833:11:fdtdec_locate_byte_array	24	static
fdtdec.c:845:5:fdtdec_get_config_int	16	static
fdtdec.c:857:5:fdtdec_get_config_bool	16	static
fdtdec.c:871:7:fdtdec_get_config_string	24	static
fdtdec.c:889:5:fdtdec_get_number	8	static
fdtdec.c:81:12:fdtdec_get_addr_size_fixed	40	static
fdtdec.c:127:12:fdtdec_get_addr_size_auto_parent	40	static
fdtdec.c:154:12:fdtdec_get_addr_size_auto_noparent	40	static
fdtdec.c:173:12:fdtdec_get_addr_size	24	static
fdtdec.c:183:12:fdtdec_get_addr	0	static
fdtdec.c:899:5:fdt_get_resource	40	static
fdtdec.c:934:5:fdt_get_named_resource	24	static
fdtdec.c:971:5:fdtdec_decode_display_timing	24	static
fdtdec.c:1039:5:fdtdec_setup_mem_size_base_fdt	24	static
fdtdec.c:1064:5:fdtdec_setup_mem_size_base	0	static
fdtdec.c:1081:5:fdtdec_setup_memory_banksize_fdt	32	static
fdtdec.c:1121:5:fdtdec_setup_memory_banksize	0	static
fdtdec.c:1195:14:board_fdt_blob_setup	0	static
fdtdec.c:1212:5:fdtdec_set_ethernet_mac_address	24	static
fdtdec.c:1273:5:fdtdec_add_reserved_memory	136	static
fdtdec.c:1379:5:fdtdec_get_carveout	40	static
fdtdec.c:1428:5:fdtdec_set_carveout	32	static
fdtdec.c:1466:5:fdtdec_setup	8	static
fdtdec.c:1562:5:fdtdec_decode_ram_size	56	static
