mtdparts.c:496:13:part_delall	16	static
mtdparts.c:173:12:memsize_parse	8	static
mtdparts.c:1871:26:mtd_part_info	24	static
mtdparts.c:1537:20:env_get_mtdparts	8	static
mtdparts.c:209:13:memsize_format	16	static
mtdparts.c:230:13:index_partitions	16	static
mtdparts.c:273:13:current_save	32	static
mtdparts.c:517:12:part_sort_add	32	static
mtdparts.c:762:12:device_del	16	static
mtdparts.c:1210:12:generate_mtdparts_save.constprop	88	static
mtdparts.c:738:12:device_delall.constprop	24	static
mtdparts.c:972:12:mtd_devices_init	8	static
mtdparts.c:305:12:get_mtd_info.constprop	24	static
mtdparts.c:416:12:part_validate	88	static
mtdparts.c:794:20:device_find	16	static
mtdparts.c:841:12:device_parse	104	static
mtdparts.c:1043:5:mtd_id_parse	32	static
mtdparts.c:1348:5:find_dev_and_part	40	static
mtdparts.c:1721:5:mtdparts_init	1104	static
mtdparts.c:1918:12:do_chpart	32	static
mtdparts.c:1956:12:do_mtdparts	128	static
