pxe_utils.c:767:13:eol_or_eof	0	static
pxe_utils.c:291:13:label_print	0	static
pxe_utils.c:259:13:label_destroy	8	static
pxe_utils.c:652:14:get_string	32	static
pxe_utils.c:722:13:get_token	32	static
pxe_utils.c:784:12:parse_sliteral	24	static
pxe_utils.c:804:12:parse_integer	32	static
pxe_utils.c:111:12:get_relfile	560	static
pxe_utils.c:214:12:get_relfile_envaddr	24	static
pxe_utils.c:39:5:format_mac_pxe	32	static
pxe_utils.c:344:12:label_boot	2280	static
pxe_utils.c:149:5:get_pxe_file	16	static
pxe_utils.c:834:12:handle_include	48	static
pxe_utils.c:1087:12:parse_pxefile_top	88	static
pxe_utils.c:190:5:get_pxelinux_path	544	static
pxe_utils.c:1166:6:destroy_pxe_menu	16	static
pxe_utils.c:1195:18:parse_pxefile	24	static
pxe_utils.c:1304:6:handle_pxe_menu	56	static
