part_efi.c:58:14:print_efiname	12	static
part_efi.c:307:12:part_test_efi	16	dynamic
part_efi.c:144:12:validate_gpt_entries	8	static
part_efi.c:81:12:validate_gpt_header	48	static
part_efi.c:915:12:is_gpt_valid	56	dynamic
part_efi.c:1067:12:is_pte_valid	24	static
part_efi.c:984:12:find_valid_gpt	32	static
part_efi.c:209:6:part_print_efi	112	dynamic
part_efi.c:255:5:part_get_info_efi	40	dynamic
part_efi.c:191:5:get_disk_guid	32	dynamic
part_efi.c:360:5:write_gpt_table	40	dynamic
part_efi.c:408:5:gpt_fill_pte	56	static
part_efi.c:575:5:gpt_fill_header	24	static
part_efi.c:599:5:gpt_restore	40	static
part_efi.c:666:5:gpt_verify_headers	24	static
part_efi.c:694:5:gpt_verify_partitions	96	static
part_efi.c:772:5:is_valid_gpt_buf	16	static
part_efi.c:793:5:write_mbr_and_gpt_partitions	56	static
