spi-uclass.c:20:12:spi_set_speed_mode	24	static
spi-uclass.c:190:12:spi_child_pre_probe	16	static
spi-uclass.c:161:12:spi_post_probe	16	static
spi-uclass.c:47:5:dm_spi_claim_bus	24	static
spi-uclass.c:75:6:dm_spi_release_bus	0	static
spi-uclass.c:84:5:dm_spi_xfer	8	static
spi-uclass.c:95:5:dm_spi_get_mmap	8	static
spi-uclass.c:109:5:spi_claim_bus	0	static
spi-uclass.c:114:6:spi_release_bus	0	static
spi-uclass.c:119:5:spi_xfer	0	static
spi-uclass.c:125:5:spi_write_then_read	32	static
spi-uclass.c:211:5:spi_chip_select	8	static
spi-uclass.c:218:5:spi_find_chip_select	24	static
spi-uclass.c:252:5:spi_cs_info	24	static
spi-uclass.c:237:5:spi_cs_is_valid	16	static
spi-uclass.c:284:5:spi_find_bus_and_cs	24	static
spi-uclass.c:306:5:spi_get_bus_and_cs	40	static
spi-uclass.c:396:19:spi_setup_slave	32	static
spi-uclass.c:411:6:spi_free_slave	8	static
spi-uclass.c:417:5:spi_slave_ofdata_to_platdata	16	static
spi-uclass.c:150:12:spi_child_post_bind	8	static
