log.h:436:19:log_init	0	static
board_f.c:132:12:display_text_info	0	static
board_f.c:269:12:setup_mon_len	0	static
board_f.c:297:12:arch_cpu_init	0	static
board_f.c:380:12:reserve_round_4k	0	static
board_f.c:387:12:reserve_mmu	0	static
board_f.c:450:12:reserve_uboot	0	static
board_f.c:113:5:init_func_watchdog_reset	8	static
board_f.c:238:12:dram_init_banksize	8	static
board_f.c:736:12:setup_reloc	8	static
board_f.c:685:12:reloc_fdt	8	static
board_f.c:520:12:reserve_board	8	static
board_f.c:414:12:reserve_video	16	static
board_f.c:204:12:announce_dram_init	8	static
board_f.c:154:12:print_resetinfo	272	static
board_f.c:126:12:init_baud_rate	8	static
board_f.c:841:12:initf_dm	0	static
board_f.c:807:12:initf_bootstage	8	static
board_f.c:867:12:arch_cpu_init_dm	0	static
board_f.c:286:12:setup_spl_handoff	0	static
board_f.c:302:12:mach_cpu_init	0	static
board_f.c:438:12:reserve_trace	0	static
board_f.c:532:12:setup_machine	0	static
board_f.c:570:12:reserve_bootstage	0	static
board_f.c:601:12:reserve_bloblist	0	static
board_f.c:611:12:display_new_sp	0	static
board_f.c:699:12:reloc_bootstage	0	static
board_f.c:718:12:reloc_bloblist	0	static
board_f.c:832:12:initf_console_record	0	static
board_f.c:862:12:reserve_arch	0	static
board_f.c:98:12:init_func_watchdog_init	8	static
board_f.c:507:12:reserve_malloc	0	static
board_f.c:540:12:reserve_global_data	0	static
board_f.c:549:12:reserve_fdt	0	static
board_f.c:76:13:coloured_LED_init	0	static
board_f.c:77:13:red_led_on	0	static
board_f.c:78:13:red_led_off	0	static
board_f.c:79:13:green_led_on	0	static
board_f.c:80:13:green_led_off	0	static
board_f.c:81:13:yellow_led_on	0	static
board_f.c:82:13:yellow_led_off	0	static
board_f.c:83:13:blue_led_on	0	static
board_f.c:84:13:blue_led_off	0	static
board_f.c:121:13:board_add_ram_info	0	static
board_f.c:210:12:show_dram_config	8	static
board_f.c:308:14:board_get_usable_ram_top	0	static
board_f.c:325:12:setup_dest_addr	16	static
board_f.c:584:12:arch_reserve_stacks	0	static
board_f.c:589:12:reserve_stacks	0	static
board_f.c:1021:6:board_init_f	16	static
