image-fit.c:778:12:fit_image_get_address	24	static
image-fit.c:79:5:fit_parse_conf	24	static
image-fit.c:105:5:fit_parse_subimage	24	static
image-fit.c:128:5:fit_get_subimage_count	24	static
image-fit.c:570:5:fit_get_desc	16	static
image-fit.c:598:5:fit_get_timestamp	16	static
image-fit.c:630:5:fit_image_get_node	16	static
image-fit.c:664:5:fit_image_get_os	16	static
image-fit.c:696:5:fit_image_get_arch	16	static
image-fit.c:728:5:fit_image_get_type	16	static
image-fit.c:760:5:fit_image_get_comp	16	static
image-fit.c:819:5:fit_image_get_load	0	static
image-fit.c:841:5:fit_image_get_entry	0	static
image-fit.c:861:5:fit_image_get_data	24	static
image-fit.c:888:5:fit_image_get_data_offset	8	static
image-fit.c:912:5:fit_image_get_data_position	8	static
image-fit.c:937:5:fit_image_get_data_size	8	static
image-fit.c:966:5:fit_image_get_data_and_size	32	static
image-fit.c:1011:5:fit_image_hash_get_algo	16	static
image-fit.c:1039:5:fit_image_hash_get_value	24	static
image-fit.c:163:13:fit_image_print_data	48	static
image-fit.c:230:13:fit_image_print_verification_data	24	static
image-fit.c:448:6:fit_image_print	56	static
image-fit.c:344:6:fit_print_contents	64	static
image-fit.c:1083:7:fit_get_end	0	static
image-fit.c:1101:5:fit_set_timestamp	24	static
image-fit.c:1137:5:calculate_hash	32	static
image-fit.c:1211:5:fit_image_verify_with_data	88	static
image-fit.c:1288:5:fit_image_verify	24	static
image-fit.c:1318:5:fit_all_image_verify	40	static
image-fit.c:1370:5:fit_image_check_os	16	static
image-fit.c:1392:5:fit_image_check_arch	16	static
image-fit.c:1422:5:fit_image_check_type	16	static
image-fit.c:1445:5:fit_image_check_comp	16	static
image-fit.c:1465:5:fit_check_format	8	static
image-fit.c:1534:5:fit_conf_find_compat	72	static
image-fit.c:1653:5:fit_conf_get_node	32	static
image-fit.c:1706:5:fit_conf_get_prop_node_count	0	static
image-fit.c:1712:5:fit_conf_get_prop_node_index	32	static
image-fit.c:1726:5:fit_conf_get_prop_node	0	static
image-fit.c:1748:5:fit_get_node_from_config	16	static
image-fit.c:1808:5:fit_image_load	104	static
image-fit.c:2049:5:boot_get_setup_fit	56	static
image-fit.c:2070:5:boot_get_fdt_fit	112	static
