spi-nor-core.c:146:12:read_sr	16	static
spi-nor-core.c:185:12:read_cr	16	static
spi-nor-core.c:204:12:write_sr	4	static
spi-nor-core.c:214:12:write_enable	4	static
spi-nor-core.c:222:12:write_disable	4	static
spi-nor-core.c:610:13:stm_get_locked_range	24	static
spi-nor-core.c:901:12:spi_nor_read	40	static
spi-nor-core.c:111:16:spi_nor_write_data	72	static
spi-nor-core.c:73:16:spi_nor_read_data	64	static
spi-nor-core.c:415:12:spi_nor_wait_till_ready_with_timeout.constprop	32	static
spi-nor-core.c:540:12:spi_nor_erase	88	static
spi-nor-core.c:47:12:spi_nor_read_reg	72	static
spi-nor-core.c:63:12:spi_nor_write_reg	72	static
spi-nor-core.c:1365:12:spansion_read_cr_quad_enable	24	static
spi-nor-core.c:590:12:write_sr_and_check.constprop	16	static
spi-nor-core.c:864:12:stm_is_locked	48	static
spi-nor-core.c:1294:12:macronix_quad_enable	16	static
spi-nor-core.c:1223:12:spi_nor_write	56	static
spi-nor-core.c:661:12:stm_is_unlocked_sr	48	static
spi-nor-core.c:779:12:stm_unlock	64	static
spi-nor-core.c:655:12:stm_is_locked_sr	48	static
spi-nor-core.c:699:12:stm_lock	56	static
spi-nor-core.c:2415:5:spi_nor_scan	432	static
spi-nor-core.c:2580:5:spi_flash_cmd_get_sw_write_prot	8	static
