serial-uclass.c:175:13:_serial_putc	16	static
serial-uclass.c:344:13:serial_stub_putc	0	static
serial-uclass.c:489:12:serial_pre_remove	0	static
serial-uclass.c:194:12:__serial_getc	16	static
serial-uclass.c:232:12:_serial_getc	8	static
serial-uclass.c:355:12:serial_stub_getc	0	static
serial-uclass.c:219:12:_serial_tstc	16	static
serial-uclass.c:360:12:serial_stub_tstc	0	static
serial-uclass.c:428:12:serial_post_probe	96	static
serial-uclass.c:350:13:serial_stub_puts	16	static
serial-uclass.c:159:5:serial_init	32	static
serial-uclass.c:170:6:serial_initialize	0	static
serial-uclass.c:259:6:serial_putc	0	static
serial-uclass.c:265:6:serial_puts	16	static
serial-uclass.c:271:5:serial_getc	0	static
serial-uclass.c:279:5:serial_tstc	0	static
serial-uclass.c:287:6:serial_setbrg	0	static
serial-uclass.c:371:12:on_baudrate	16	static
serial-uclass.c:299:5:serial_getconfig	0	static
serial-uclass.c:310:5:serial_setconfig	0	static
serial-uclass.c:321:5:serial_getinfo	4	static
serial-uclass.c:337:6:serial_stdio_init	0	static
