io.c:76:6:ubifs_ro_mode	0	static
io.c:350:27:next_sqnum	32	static
io.c:93:5:ubifs_leb_read	48	static
io.c:111:5:ubifs_leb_write	56	static
io.c:134:5:ubifs_leb_change	40	static
io.c:156:5:ubifs_leb_unmap	40	static
io.c:177:5:ubifs_leb_map	40	static
io.c:198:5:ubifs_is_mapped	32	static
io.c:239:5:ubifs_check_node	40	static
io.c:320:6:ubifs_pad	16	static
io.c:381:6:ubifs_prepare_node	24	static
io.c:414:6:ubifs_prep_grp_node	16	static
io.c:499:5:ubifs_wbuf_sync_nolock	32	static
io.c:574:5:ubifs_wbuf_seek_nolock	0	static
io.c:982:5:ubifs_read_node	48	static
io.c:905:5:ubifs_read_node_wbuf	56	static
io.c:1036:5:ubifs_wbuf_init	24	static
io.c:1086:6:ubifs_wbuf_add_ino_nolock	8	static
io.c:1130:5:ubifs_sync_wbufs_by_inode	24	static
