tnc.c:1905:13:insert_zbranch	28	static
tnc.c:72:12:insert_old_idx	32	static
tnc.c:567:28:get_znode	8	static
tnc.c:634:12:tnc_prev	16	static
tnc.c:589:12:tnc_next	16	static
tnc.c:2881:28:left_znode	16	static
tnc.c:482:12:fallible_read_node	64	static
tnc.c:368:13:lnc_free.isra.0	8	static
tnc.c:2566:12:key_in_range.isra.2	8	static
tnc.c:1873:13:correct_parent_keys.isra.4	16	static
tnc.c:2971:28:lookup_znode.part.5	48	static
tnc.c:804:12:fallible_matches_name	24	static
tnc.c:874:12:fallible_resolve_collision	48	static
tnc.c:387:12:tnc_read_node_nm	24	static
tnc.c:1957:12:tnc_insert.constprop	56	static
tnc.c:517:12:matches_name	24	static
tnc.c:686:12:resolve_collision	32	static
tnc.c:246:28:dirty_cow_znode	40	static
tnc.c:1075:28:dirty_cow_bottom_up	32	static
tnc.c:1290:12:lookup_level0_dirty	40	static
tnc.c:113:5:insert_old_idx_znode	4	static
tnc.c:2373:12:tnc_delete	32	static
tnc.c:174:6:destroy_old_idx	16	static
tnc.c:1154:5:ubifs_lookup_level0	40	static
tnc.c:1429:5:ubifs_tnc_locate	64	static
tnc.c:1503:5:ubifs_tnc_get_bu_keys	48	static
tnc.c:1734:5:ubifs_tnc_bulk_read	56	static
tnc.c:1839:5:ubifs_tnc_lookup_nm	40	static
tnc.c:2149:5:ubifs_tnc_add	72	static
tnc.c:2198:5:ubifs_tnc_replace	64	static
tnc.c:2486:5:ubifs_tnc_remove	16	static
tnc.c:2516:5:ubifs_tnc_remove_nm	32	static
tnc.c:2281:5:ubifs_tnc_add_nm	88	static
tnc.c:2586:5:ubifs_tnc_remove_range	64	static
tnc.c:2748:25:ubifs_tnc_next_ent	48	static
tnc.c:2668:5:ubifs_tnc_remove_ino	64	static
tnc.c:2857:6:ubifs_tnc_close	16	static
tnc.c:3100:5:is_idx_node_in_tnc	16	static
tnc.c:3197:5:ubifs_tnc_has_node	48	static
tnc.c:3237:5:ubifs_dirty_idx_node	24	static
tnc.c:3273:5:dbg_check_inode_size	0	static
