ubifs.c:33:12:gzip_decompress	16	static
ubifs.c:195:19:compr_init	32	static
ubifs.c:463:22:ubifs_findfile	520	static
ubifs.c:151:5:ubifs_decompress	56	static
ubifs.c:670:12:read_block	64	static
ubifs.c:224:12:ubifs_compressors_init	8	static
ubifs.c:550:5:ubifs_set_blk_dev	8	static
ubifs.c:569:5:ubifs_ls	144	static
ubifs.c:617:5:ubifs_exists	16	static
ubifs.c:629:5:ubifs_size	24	static
ubifs.c:828:5:ubifs_read	88	static
ubifs.c:916:6:ubifs_close	0	static
ubifs.c:921:5:ubifs_load	40	static
ubifs.c:937:6:uboot_ubifs_umount	8	static
