ehci-hcd.c:122:12:ehci_get_port_speed	0	static
ehci-hcd.c:127:13:ehci_set_usbmode	0	static
ehci-hcd.c:149:18:ehci_get_portsc_register	0	static
ehci-hcd.c:1603:12:ehci_get_max_xfer_size	0	static
ehci-hcd.c:143:13:ehci_powerup_fixup	0	static
ehci-hcd.c:163:12:handshake	24	static
ehci-hcd.c:241:12:ehci_td_buffer	16	static
ehci-hcd.c:207:12:ehci_shutdown	24	static
ehci-hcd.c:1388:14:_ehci_poll_int_queue	24	static
ehci-hcd.c:1589:14:ehci_poll_int_queue	0	static
ehci-hcd.c:1205:1:disable_periodic.isra.1	8	static
ehci-hcd.c:1184:1:enable_periodic.isra.2	8	static
ehci-hcd.c:113:26:ehci_get_ctrl.isra.3	8	static
ehci-hcd.c:1429:12:_ehci_destroy_int_queue	32	static
ehci-hcd.c:1596:12:ehci_destroy_int_queue	0	static
ehci-hcd.c:285:13:ehci_update_endpt2_dev_n_port.isra.4	16	static
ehci-hcd.c:301:1:ehci_submit_async	296	static
ehci-hcd.c:1564:12:ehci_submit_bulk_msg	4	static
ehci-hcd.c:1224:26:_ehci_create_int_queue.isra.5	72	static
ehci-hcd.c:1580:26:ehci_create_int_queue	4	static
ehci-hcd.c:1571:12:ehci_submit_int_msg	32	static
ehci-hcd.c:1554:12:ehci_submit_control_msg	56	static
ehci-hcd.c:1614:5:ehci_register	32	static
ehci-hcd.c:1660:5:ehci_deregister	8	static
ehci-hcd.c:1685:5:ehci_setup_phy	16	static
ehci-hcd.c:1715:5:ehci_shutdown_phy	8	static
