mtdcore.c:1034:12:mtd_check_oob_ops	48	static
mtdcore.c:1142:5:mtd_ooblayout_ecc	16	static
mtdcore.c:1174:5:mtd_ooblayout_free	16	static
mtdcore.c:1206:12:mtd_ooblayout_find_region	32	static
mtdcore.c:1275:12:mtd_ooblayout_get_bytes	56	static
mtdcore.c:1318:12:mtd_ooblayout_set_bytes	56	static
mtdcore.c:93:6:idr_remove	0	static
mtdcore.c:102:7:idr_find	0	static
mtdcore.c:110:7:idr_get_next	0	static
mtdcore.c:128:5:idr_alloc	8	static
mtdcore.c:154:18:__mtd_next_device	16	static
mtdcore.c:160:6:mtd_dev_list_updated	0	static
mtdcore.c:522:5:del_mtd_device	8	static
mtdcore.c:749:5:__get_mtd_device	8	static
mtdcore.c:714:18:get_mtd_device	16	static
mtdcore.c:777:18:get_mtd_device_nm	16	static
mtdcore.c:860:6:__put_mtd_device	8	static
mtdcore.c:851:6:put_mtd_device	0	static
mtdcore.c:879:5:mtd_erase	32	static
mtdcore.c:935:15:mtd_get_unmapped_area	48	static
mtdcore.c:946:5:mtd_read	104	static
mtdcore.c:983:5:mtd_write	80	static
mtdcore.c:1018:5:mtd_panic_write	28	static
mtdcore.c:1067:5:mtd_read_oob	40	static
mtdcore.c:1100:5:mtd_write_oob	40	static
mtdcore.c:1252:5:mtd_ooblayout_find_eccregion	16	static
mtdcore.c:1390:5:mtd_ooblayout_get_eccbytes	16	static
mtdcore.c:1410:5:mtd_ooblayout_set_eccbytes	16	static
mtdcore.c:1430:5:mtd_ooblayout_get_databytes	16	static
mtdcore.c:1450:5:mtd_ooblayout_set_databytes	16	static
mtdcore.c:1466:5:mtd_ooblayout_count_freebytes	24	static
mtdcore.c:1480:5:mtd_ooblayout_count_eccbytes	24	static
mtdcore.c:1491:5:mtd_get_fact_prot_info	8	static
mtdcore.c:1502:5:mtd_read_fact_prot_reg	8	static
mtdcore.c:1514:5:mtd_get_user_prot_info	8	static
mtdcore.c:1525:5:mtd_read_user_prot_reg	8	static
mtdcore.c:1537:5:mtd_write_user_prot_reg	32	static
mtdcore.c:1559:5:mtd_lock_user_prot_reg	4	static
mtdcore.c:1570:5:mtd_lock	40	static
mtdcore.c:1582:5:mtd_unlock	40	static
mtdcore.c:408:5:add_mtd_device	24	static
mtdcore.c:1594:5:mtd_is_locked	40	static
mtdcore.c:1606:5:mtd_block_isreserved	16	static
mtdcore.c:1616:5:mtd_block_isbad	16	static
mtdcore.c:1626:5:mtd_block_markbad	20	static
