fat.c:29:13:downcase	8	static
fat.c:44:12:disk_read	16	static
fat.c:162:14:get_fatent	24	static
fat.c:819:19:next_dent	16	static
fat.c:247:1:get_cluster	40	dynamic
fat.c:488:1:read_bootsectandvi	24	static
fat.c:694:12:fat_itr_root	128	static
fat.c:903:12:fat_itr_next	48	static
fat.c:999:12:fat_itr_resolve	40	static
fat.c:59:5:fat_set_blk_dev	24	dynamic
fat.c:88:5:fat_register_device	176	static
fat.c:1076:5:file_fat_detectfs	120	static
fat.c:1138:5:fat_exists	64	static
fat.c:1158:5:fat_size	72	static
fat.c:1195:5:file_fat_read_at	120	static
fat.c:1227:5:file_fat_read	40	static
fat.c:1239:5:fat_read_file	48	static
fat.c:1258:5:fat_opendir	24	static
fat.c:1286:5:fat_readdir	16	static
fat.c:1309:6:fat_closedir	8	static
fat.c:1316:6:fat_close	0	static
