nand_base.c:133:13:nand_release_device	0	static
nand_base.c:147:9:nand_read_byte	0	static
nand_base.c:160:16:nand_read_byte16	0	static
nand_base.c:172:12:nand_read_word	0	static
nand_base.c:208:13:nand_write_byte	16	static
nand_base.c:222:13:nand_write_byte16	16	static
nand_base.c:287:6:nand_write_buf	8	static
nand_base.c:302:6:nand_read_buf	8	static
nand_base.c:317:6:nand_write_buf16	8	static
nand_base.c:333:6:nand_read_buf16	8	static
nand_base.c:988:12:nand_setup_data_interface	24	static
nand_base.c:1851:12:nand_read_page_swecc	56	static
nand_base.c:2880:12:nand_write_page_swecc	48	static
nand_base.c:3615:13:nand_sync	0	static
nand_base.c:3675:12:nand_onfi_set_features	16	static
nand_base.c:3695:12:nand_onfi_get_features	16	static
nand_base.c:3709:13:nand_set_defaults	0	static
nand_base.c:3866:12:nand_setup_read_retry_micron	24	static
nand_base.c:1645:12:nand_check_erased_buf	12	static
nand_base.c:348:12:nand_block_bad	24	static
nand_base.c:530:12:nand_block_checkbad	24	static
nand_base.c:3630:12:nand_block_isbad	24	static
nand_base.c:3761:13:sanitize_string	4	static
nand_base.c:511:12:nand_block_isreserved	0	static
nand_base.c:3132:17:nand_fill_oob	24	static
nand_base.c:185:13:nand_select_chip	8	static
nand_base.c:2231:17:nand_transfer_oob	24	static
nand_base.c:1125:12:nand_read_param_page_op.constprop	8	static
nand_base.c:3778:12:onfi_crc16.constprop	12	static
nand_base.c:553:6:nand_wait_ready	16	static
nand_base.c:1094:5:nand_read_page_op	24	static
nand_base.c:2745:12:nand_read_oob	112	static
nand_base.c:1155:5:nand_change_read_column_op	24	static
nand_base.c:1188:5:nand_read_oob_op	24	static
nand_base.c:2491:12:nand_read_oob_std	16	static
nand_base.c:1220:5:nand_prog_page_begin_op	24	static
nand_base.c:1250:5:nand_prog_page_end_op	16	static
nand_base.c:3088:12:nand_write_page	56	static
nand_base.c:1278:5:nand_prog_page_op	24	static
nand_base.c:2558:12:nand_write_oob_std	16	static
nand_base.c:1316:5:nand_change_write_column_op	24	static
nand_base.c:1350:5:nand_readid_op	24	static
nand_base.c:1380:5:nand_status_op	16	static
nand_base.c:486:12:nand_check_wp	16	static
nand_base.c:3191:12:nand_do_write_ops	88	static
nand_base.c:1403:5:nand_exit_status_op	8	static
nand_base.c:1424:5:nand_erase_op	16	static
nand_base.c:3477:12:single_erase	0	static
nand_base.c:1511:5:nand_reset_op	8	static
nand_base.c:1534:5:nand_read_data_op	16	static
nand_base.c:888:12:nand_wait	24	static
nand_base.c:2504:12:nand_read_oob_syndrome	56	static
nand_base.c:1792:12:nand_read_page_raw_syndrome	32	static
nand_base.c:1763:12:nand_read_page_raw	16	static
nand_base.c:3320:12:panic_nand_write	64	static
nand_base.c:579:13:nand_wait_status_ready.constprop	24	static
nand_base.c:610:13:nand_command	24	static
nand_base.c:714:13:nand_command_lp	24	static
nand_base.c:1569:5:nand_write_data_op	16	static
nand_base.c:2572:12:nand_write_oob_syndrome	72	static
nand_base.c:2821:12:nand_write_page_raw_syndrome	32	static
nand_base.c:3020:12:nand_write_page_syndrome	32	static
nand_base.c:2952:12:nand_write_subpage_hwecc	64	static
nand_base.c:2792:12:nand_write_page_raw	16	static
nand_base.c:2909:12:nand_write_page_hwecc	40	static
nand_base.c:1598:5:nand_reset	16	static
nand_base.c:3352:12:nand_do_write_oob	40	static
nand_base.c:395:12:nand_default_block_markbad	80	static
nand_base.c:3434:12:nand_write_oob	40	static
nand_base.c:1715:5:nand_check_erased_ecc_chunk	32	static
nand_base.c:2147:12:nand_read_page_syndrome	64	static
nand_base.c:1897:12:nand_read_subpage	72	static
nand_base.c:2010:12:nand_read_page_hwecc	64	static
nand_base.c:2080:12:nand_read_page_hwecc_oob_first	64	static
nand_base.c:3508:5:nand_erase_nand	56	static
nand_base.c:3653:12:nand_block_markbad	96	static
nand_base.c:3495:12:nand_erase	0	static
nand_base.c:4394:24:nand_get_flash_type	72	static
nand_base.c:4644:5:nand_scan_ident	56	static
nand_base.c:4733:5:nand_check_ecc_caps	32	static
nand_base.c:4795:5:nand_match_ecc_req	72	static
nand_base.c:4879:5:nand_maximize_ecc	56	static
nand_base.c:5005:5:nand_scan_tail	24	static
nand_base.c:5302:5:nand_scan	8	static
