regulator-uclass.c:312:13:regulator_show	16	static
regulator-uclass.c:420:12:regulator_pre_probe	16	static
regulator-uclass.c:394:12:regulator_post_bind	32	static
regulator-uclass.c:14:5:regulator_mode	8	static
regulator-uclass.c:28:5:regulator_get_value	8	static
regulator-uclass.c:80:5:regulator_set_suspend_value	16	static
regulator-uclass.c:97:5:regulator_get_suspend_value	8	static
regulator-uclass.c:111:5:regulator_set_value_force	16	static
regulator-uclass.c:121:5:regulator_get_current	8	static
regulator-uclass.c:131:5:regulator_set_current	16	static
regulator-uclass.c:148:5:regulator_get_enable	8	static
regulator-uclass.c:49:5:regulator_set_value	32	static
regulator-uclass.c:158:5:regulator_set_enable	24	static
regulator-uclass.c:189:5:regulator_set_enable_if_allowed	8	static
regulator-uclass.c:200:5:regulator_set_suspend_enable	16	static
regulator-uclass.c:210:5:regulator_get_suspend_enable	8	static
regulator-uclass.c:220:5:regulator_get_mode	8	static
regulator-uclass.c:230:5:regulator_set_mode	16	static
regulator-uclass.c:240:5:regulator_get_by_platname	24	static
regulator-uclass.c:267:5:regulator_get_by_devname	0	static
regulator-uclass.c:272:5:device_get_supply_regulator	0	static
regulator-uclass.c:279:5:regulator_autoset	16	static
regulator-uclass.c:329:5:regulator_autoset_by_name	16	static
regulator-uclass.c:345:5:regulator_list_autoset	40	static
regulator-uclass.c:470:5:regulators_enable_boot_on	24	static
