stpmic1.c:44:12:stpmic1_output_find_uv	12	static
stpmic1.c:60:12:stpmic1_output_find_sel	24	static
stpmic1.c:223:12:stpmic1_buck_set_mode	4	static
stpmic1.c:158:12:stpmic1_buck_set_value	16	static
stpmic1.c:333:12:stpmic1_ldo_set_value	16	static
stpmic1.c:210:12:stpmic1_buck_get_mode	8	static
stpmic1.c:172:12:stpmic1_buck_get_enable	8	static
stpmic1.c:139:12:stpmic1_buck_get_uv	8	static
stpmic1.c:153:12:stpmic1_buck_get_value	0	static
stpmic1.c:477:12:stpmic1_vref_ddr_get_value	8	static
stpmic1.c:389:12:stpmic1_ldo_get_mode	8	static
stpmic1.c:351:12:stpmic1_ldo_get_enable	8	static
stpmic1.c:483:12:stpmic1_vref_ddr_get_enable	8	static
stpmic1.c:540:12:stpmic1_boost_get_enable	8	static
stpmic1.c:603:12:stpmic1_pwr_sw_get_enable	8	static
stpmic1.c:231:12:stpmic1_buck_probe	8	static
stpmic1.c:437:12:stpmic1_ldo_probe	8	static
stpmic1.c:511:12:stpmic1_vref_ddr_probe	8	static
stpmic1.c:575:12:stpmic1_boost_probe	0	static
stpmic1.c:648:12:stpmic1_pwr_sw_probe	8	static
stpmic1.c:494:12:stpmic1_vref_ddr_set_enable	16	static
stpmic1.c:615:12:stpmic1_pwr_sw_set_enable	24	static
stpmic1.c:184:12:stpmic1_buck_set_enable	24	static
stpmic1.c:410:12:stpmic1_ldo_set_mode	16	static
stpmic1.c:311:12:stpmic1_ldo_get_value	16	static
stpmic1.c:363:12:stpmic1_ldo_set_enable	24	static
stpmic1.c:551:12:stpmic1_boost_set_enable	16	static
