efi_file.c:754:28:efi_file_open_ex	0	static
efi_file.c:762:28:efi_file_read_ex	0	static
efi_file.c:748:28:efi_file_flush	8	static
efi_file.c:528:28:efi_file_getpos	16	static
efi_file.c:54:12:set_blk_dev.isra.0	0	static
efi_file.c:173:32:file_open	64	static
efi_file.c:857:1:efi_open_volume	32	static
efi_file.c:247:28:efi_file_open	48	static
efi_file.c:476:28:efi_file_write	48	static
efi_file.c:310:28:efi_file_delete	16	static
efi_file.c:331:21:efi_get_file_size	16	static
efi_file.c:588:28:efi_file_getinfo	200	static
efi_file.c:556:28:efi_file_setpos	32	static
efi_file.c:435:28:efi_file_read	72	static
efi_file.c:768:28:efi_file_write_ex	0	static
efi_file.c:774:28:efi_file_flush_ex	0	static
efi_file.c:303:28:efi_file_close	8	static
efi_file.c:682:28:efi_file_setinfo	40	static
efi_file.c:804:25:efi_file_from_path	56	static
efi_file.c:870:1:efi_simple_file_system	24	static
