efi_console.c:439:28:efi_cout_enable_cursor	8	static
efi_console.c:408:28:efi_cout_set_cursor_position	24	static
efi_console.c:363:28:efi_cout_clear_screen	8	static
efi_console.c:344:28:efi_cout_set_attribute	8	static
efi_console.c:204:28:efi_cout_test_string	8	static
efi_console.c:393:28:efi_cout_reset	8	static
efi_console.c:861:28:efi_cin_set_state	8	static
efi_console.c:129:28:efi_cout_output_string	32	static
efi_console.c:942:28:efi_cin_unregister_key_notify	16	static
efi_console.c:747:13:efi_cin_empty_buffer	8	static
efi_console.c:986:28:efi_cin_reset	8	static
efi_console.c:768:28:efi_cin_reset_ex	8	static
efi_console.c:891:28:efi_cin_register_key_notify	24	static
efi_console.c:67:12:term_get_char	16	static
efi_console.c:375:28:efi_cout_set_mode	16	static
efi_console.c:308:28:efi_cout_query_mode	16	static
efi_console.c:488:6:set_shift_mask	0	static
efi_console.c:512:12:analyze_modifiers.constprop	24	static
efi_console.c:720:13:efi_cin_check	32	static
efi_console.c:1018:28:efi_cin_read_key_stroke	16	static
efi_console.c:1072:20:efi_console_timer_notify	8	static
efi_console.c:800:28:efi_cin_read_key_stroke_ex	16	static
efi_console.c:1086:20:efi_key_notify	8	static
efi_console.c:1100:14:efi_console_register	48	static
