efi_runtime.c:334:34:efi_reset_system	0	static
efi_runtime.c:367:42:efi_get_time	0	static
efi_runtime.c:387:42:efi_set_time	0	static
efi_runtime.c:814:42:efi_unimplemented	0	static
efi_runtime.c:436:42:efi_set_virtual_address_map_runtime	0	static
efi_runtime.c:458:42:efi_convert_pointer_runtime	0	static
efi_runtime.c:832:35:efi_update_capsule	0	static
efi_runtime.c:854:35:efi_query_capsule_caps	0	static
efi_runtime.c:477:42:efi_convert_pointer	48	static
efi_runtime.c:279:28:efi_set_time_boottime	8	static
efi_runtime.c:144:20:efi_reset_system_boottime	24	static
efi_runtime.c:192:28:efi_get_time_boottime	56	static
efi_runtime.c:123:20:efi_update_table_header_crc32	8	static
efi_runtime.c:96:14:efi_init_runtime_supported	24	static
efi_runtime.c:348:21:efi_reset_system_init	0	static
efi_runtime.c:410:6:efi_runtime_detach	0	static
efi_runtime.c:553:6:efi_runtime_relocate	48	static
efi_runtime.c:641:28:efi_set_virtual_address_map	48	static
efi_runtime.c:763:14:efi_add_runtime_mmio	32	static
