pinctrl_stm32.c:67:12:stm32_populate_gpio_dev_list	24	static
pinctrl_stm32.c:128:24:stm32_pinctrl_get_gpio_dev	24	static
pinctrl_stm32.c:184:12:stm32_pinctrl_get_pin_muxing	40	static
pinctrl_stm32.c:100:12:stm32_pinctrl_get_pins_count	16	static
pinctrl_stm32.c:347:12:stm32_pinctrl_config	352	static
pinctrl_stm32.c:419:12:stm32_pinctrl_set_state	0	static
pinctrl_stm32.c:240:12:stm32_pinctrl_probe	8	static
pinctrl_stm32.c:389:12:stm32_pinctrl_bind	40	static
pinctrl_stm32.c:162:20:stm32_pinctrl_get_pin_name	24	static
