device.c:655:24:_device_find_global_by_ofnode	16	static
device.c:34:12:device_bind_common.isra.0	40	static
device.c:270:14:alloc_priv	16	static
device.c:225:5:device_bind_with_driver_data	24	static
device.c:234:5:device_bind	24	static
device.c:242:5:device_bind_ofnode	24	static
device.c:250:5:device_bind_by_name	40	static
device.c:314:5:device_probe	16	static
device.c:462:7:dev_get_platdata	8	static
device.c:472:7:dev_get_parent_platdata	8	static
device.c:482:7:dev_get_uclass_platdata	8	static
device.c:492:7:dev_get_priv	8	static
device.c:502:7:dev_get_uclass_priv	8	static
device.c:512:7:dev_get_parent_priv	8	static
device.c:566:5:device_get_child	16	static
device.c:578:5:device_get_child_count	0	static
device.c:589:5:device_find_child_by_seq	20	static
device.c:609:5:device_get_child_by_seq	24	static
device.c:627:5:device_find_child_by_of_offset	12	static
device.c:644:5:device_get_child_by_of_offset	24	static
device.c:672:5:device_find_global_by_ofnode	8	static
device.c:679:5:device_get_global_by_ofnode	16	static
device.c:687:5:device_find_first_child	0	static
device.c:699:5:device_find_next_child	0	static
device.c:714:5:device_find_first_inactive_child	16	static
device.c:732:5:device_find_first_child_by_uclass	12	static
device.c:749:5:device_find_child_by_name	24	static
device.c:766:17:dev_get_parent	0	static
device.c:771:7:dev_get_driver_data	0	static
device.c:776:13:dev_get_driver_ops	0	static
device.c:784:16:device_get_uclass_id	0	static
device.c:789:13:dev_get_uclass_name	0	static
device.c:797:6:device_has_children	0	static
device.c:802:6:device_has_active_children	16	static
device.c:816:6:device_is_last_sibling	0	static
device.c:825:6:device_set_name_alloced	0	static
device.c:830:5:device_set_name	8	static
device.c:842:6:device_is_compatible	8	static
device.c:847:6:of_machine_is_compatible	8	static
device.c:854:5:dev_disable_by_path	8	static
device.c:884:5:dev_enable_by_path	8	static
