ofnode.c:18:5:ofnode_read_u32	24	static
ofnode.c:42:5:ofnode_read_u32_default	16	static
ofnode.c:50:5:ofnode_read_s32_default	16	static
ofnode.c:58:5:ofnode_read_u64	24	static
ofnode.c:82:5:ofnode_read_u64_default	16	static
ofnode.c:104:13:ofnode_read_string	16	static
ofnode.c:137:8:ofnode_find_subnode	8	static
ofnode.c:163:5:ofnode_read_u32_array	16	static
ofnode.c:179:8:ofnode_first_subnode	8	static
ofnode.c:189:8:ofnode_next_subnode	8	static
ofnode.c:199:8:ofnode_get_parent	8	static
ofnode.c:213:13:ofnode_get_name	0	static
ofnode.c:226:8:ofnode_get_by_phandle	8	static
ofnode.c:239:5:ofnode_read_size	16	static
ofnode.c:442:12:decode_timing_property	32	static
ofnode.c:305:5:ofnode_stringlist_search	8	static
ofnode.c:326:5:ofnode_read_string_index	32	static
ofnode.c:343:5:ofnode_read_string_count	0	static
ofnode.c:371:5:ofnode_parse_phandle_with_args	104	static
ofnode.c:402:5:ofnode_count_phandle_with_args	32	static
ofnode.c:414:8:ofnode_path	8	static
ofnode.c:422:13:ofnode_get_chosen_prop	8	static
ofnode.c:431:8:ofnode_get_chosen_node	8	static
ofnode.c:530:13:ofnode_get_property	4	static
ofnode.c:90:6:ofnode_read_bool	8	static
ofnode.c:465:5:ofnode_decode_display_timing	40	static
ofnode.c:539:5:ofnode_get_first_property	8	static
ofnode.c:558:5:ofnode_get_next_property	8	static
ofnode.c:575:13:ofnode_get_property_by_prop	4	static
ofnode.c:587:6:ofnode_is_available	8	static
ofnode.c:596:12:ofnode_get_addr_size	4	static
ofnode.c:622:16:ofnode_read_u8_array_ptr	4	static
ofnode.c:640:5:ofnode_read_pci_addr	32	static
ofnode.c:694:5:ofnode_read_pci_vendev	40	static
ofnode.c:730:5:ofnode_read_addr_cells	0	static
ofnode.c:738:5:ofnode_read_size_cells	0	static
ofnode.c:258:12:ofnode_get_addr_size_index	40	static
ofnode.c:293:12:ofnode_get_addr_index	16	static
ofnode.c:300:12:ofnode_get_addr	0	static
ofnode.c:746:5:ofnode_read_simple_addr_cells	0	static
ofnode.c:754:5:ofnode_read_simple_size_cells	0	static
ofnode.c:762:6:ofnode_pre_reloc	8	static
ofnode.c:788:5:ofnode_read_resource	32	static
ofnode.c:808:5:ofnode_read_resource_byname	16	static
ofnode.c:820:5:ofnode_translate_address	0	static
ofnode.c:828:5:ofnode_translate_dma_address	0	static
ofnode.c:836:5:ofnode_device_is_compatible	8	static
ofnode.c:847:8:ofnode_by_compatible	8	static
ofnode.c:859:8:ofnode_by_prop_value	16	static
ofnode.c:873:5:ofnode_write_prop	0	static
ofnode.c:920:5:ofnode_write_string	0	static
ofnode.c:932:5:ofnode_set_enabled	0	static
