uclass.c:24:16:uclass_find	8	static
uclass.c:106:5:uclass_destroy	16	static
uclass.c:140:5:uclass_get	24	static
uclass.c:153:13:uclass_get_name	16	static
uclass.c:162:16:uclass_get_by_name	16	static
uclass.c:176:5:dev_get_uclass_index	20	static
uclass.c:197:5:uclass_find_device	24	static
uclass.c:220:5:uclass_find_first_device	16	static
uclass.c:237:5:uclass_find_next_device	0	static
uclass.c:250:5:uclass_find_device_by_name	24	static
uclass.c:300:5:uclass_find_device_by_seq	32	static
uclass.c:330:5:uclass_find_device_by_of_offset	24	static
uclass.c:354:5:uclass_find_device_by_ofnode	24	static
uclass.c:386:5:uclass_find_device_by_phandle	32	static
uclass.c:417:5:uclass_get_device_by_driver	24	static
uclass.c:437:5:uclass_get_device_tail	16	static
uclass.c:452:5:uclass_get_device	16	static
uclass.c:462:5:uclass_get_device_by_name	16	static
uclass.c:473:5:uclass_get_device_by_seq	24	static
uclass.c:490:5:uclass_get_device_by_of_offset	16	static
uclass.c:501:5:uclass_get_device_by_ofnode	16	static
uclass.c:517:5:uclass_get_device_by_phandle_id	24	static
uclass.c:543:5:uclass_get_device_by_phandle	16	static
uclass.c:555:5:uclass_first_device	16	static
uclass.c:567:5:uclass_first_device_err	8	static
uclass.c:580:5:uclass_next_device	16	static
uclass.c:592:5:uclass_next_device_err	8	static
uclass.c:605:5:uclass_first_device_check	8	static
uclass.c:619:5:uclass_next_device_check	8	static
uclass.c:632:5:uclass_bind_device	8	static
uclass.c:659:5:uclass_unbind_device	8	static
uclass.c:676:5:uclass_resolve_seq	24	static
uclass.c:707:5:uclass_pre_probe_device	8	static
uclass.c:731:5:uclass_post_probe_device	8	static
uclass.c:756:5:uclass_pre_remove_device	0	static
